----- Order details for client with Id: 1001 -----
Item's name: Blu-Ray, Cost per item: $15.00, Quantity: 5, Cost: $75.00
Item's name: Lamp, Cost per item: $3.50, Quantity: 2, Cost: $7.00
Item's name: MovieRental, Cost per item: $4.00, Quantity: 1, Cost: $4.00
Item's name: Phone, Cost per item: $13.75, Quantity: 4, Cost: $55.00
Item's name: Shoes, Cost per item: $30.00, Quantity: 6, Cost: $180.00
Item's name: Song, Cost per item: $2.00, Quantity: 4, Cost: $8.00
Order Total: $329.00
----- Order details for client with Id: 1002 -----
Item's name: MovieRental, Cost per item: $4.00, Quantity: 1, Cost: $4.00
Item's name: Phone, Cost per item: $13.75, Quantity: 1, Cost: $13.75
Item's name: Shoes, Cost per item: $30.00, Quantity: 2, Cost: $60.00
Item's name: Song, Cost per item: $2.00, Quantity: 3, Cost: $6.00
Item's name: Textbook, Cost per item: $25.00, Quantity: 1, Cost: $25.00
Order Total: $108.75
----- Order details for client with Id: 1003 -----
Item's name: Lamp, Cost per item: $3.50, Quantity: 2, Cost: $7.00
Item's name: MovieRental, Cost per item: $4.00, Quantity: 1, Cost: $4.00
Item's name: Phone, Cost per item: $13.75, Quantity: 2, Cost: $27.50
Order Total: $38.50
----- Order details for client with Id: 1004 -----
Item's name: Blu-Ray, Cost per item: $15.00, Quantity: 1, Cost: $15.00
Item's name: Lamp, Cost per item: $3.50, Quantity: 1, Cost: $3.50
Item's name: MovieRental, Cost per item: $4.00, Quantity: 1, Cost: $4.00
Item's name: Song, Cost per item: $2.00, Quantity: 1, Cost: $2.00
Order Total: $24.50
----- Order details for client with Id: 1005 -----
Item's name: Blu-Ray, Cost per item: $15.00, Quantity: 5, Cost: $75.00
Item's name: Lamp, Cost per item: $3.50, Quantity: 5, Cost: $17.50
Item's name: MovieRental, Cost per item: $4.00, Quantity: 3, Cost: $12.00
Item's name: Phone, Cost per item: $13.75, Quantity: 1, Cost: $13.75
Item's name: Shoes, Cost per item: $30.00, Quantity: 4, Cost: $120.00
Item's name: Song, Cost per item: $2.00, Quantity: 2, Cost: $4.00
Item's name: Textbook, Cost per item: $25.00, Quantity: 4, Cost: $100.00
Order Total: $342.25
----- Order details for client with Id: 1006 -----
Item's name: Blu-Ray, Cost per item: $15.00, Quantity: 2, Cost: $30.00
Item's name: Lamp, Cost per item: $3.50, Quantity: 5, Cost: $17.50
Item's name: MovieRental, Cost per item: $4.00, Quantity: 1, Cost: $4.00
Item's name: Phone, Cost per item: $13.75, Quantity: 4, Cost: $55.00
Item's name: Shoes, Cost per item: $30.00, Quantity: 2, Cost: $60.00
Item's name: Song, Cost per item: $2.00, Quantity: 2, Cost: $4.00
Item's name: Textbook, Cost per item: $25.00, Quantity: 1, Cost: $25.00
Order Total: $195.50
----- Order details for client with Id: 1007 -----
Item's name: Blu-Ray, Cost per item: $15.00, Quantity: 3, Cost: $45.00
Item's name: Lamp, Cost per item: $3.50, Quantity: 6, Cost: $21.00
Item's name: MovieRental, Cost per item: $4.00, Quantity: 1, Cost: $4.00
Item's name: Shoes, Cost per item: $30.00, Quantity: 3, Cost: $90.00
Item's name: Song, Cost per item: $2.00, Quantity: 4, Cost: $8.00
Item's name: Textbook, Cost per item: $25.00, Quantity: 1, Cost: $25.00
Order Total: $193.00
----- Order details for client with Id: 1008 -----
Item's name: Blu-Ray, Cost per item: $15.00, Quantity: 2, Cost: $30.00
Item's name: Lamp, Cost per item: $3.50, Quantity: 1, Cost: $3.50
Item's name: Phone, Cost per item: $13.75, Quantity: 1, Cost: $13.75
Item's name: Shoes, Cost per item: $30.00, Quantity: 1, Cost: $30.00
Order Total: $77.25
----- Order details for client with Id: 1009 -----
Item's name: Blu-Ray, Cost per item: $15.00, Quantity: 2, Cost: $30.00
Item's name: Lamp, Cost per item: $3.50, Quantity: 2, Cost: $7.00
Item's name: MovieRental, Cost per item: $4.00, Quantity: 4, Cost: $16.00
Item's name: Shoes, Cost per item: $30.00, Quantity: 2, Cost: $60.00
Item's name: Song, Cost per item: $2.00, Quantity: 1, Cost: $2.00
Item's name: Textbook, Cost per item: $25.00, Quantity: 3, Cost: $75.00
Order Total: $190.00
----- Order details for client with Id: 1010 -----
Item's name: Blu-Ray, Cost per item: $15.00, Quantity: 2, Cost: $30.00
Item's name: Lamp, Cost per item: $3.50, Quantity: 2, Cost: $7.00
Item's name: MovieRental, Cost per item: $4.00, Quantity: 1, Cost: $4.00
Item's name: Phone, Cost per item: $13.75, Quantity: 4, Cost: $55.00
Item's name: Shoes, Cost per item: $30.00, Quantity: 5, Cost: $150.00
Item's name: Song, Cost per item: $2.00, Quantity: 1, Cost: $2.00
Item's name: Textbook, Cost per item: $25.00, Quantity: 2, Cost: $50.00
Order Total: $298.00
----- Order details for client with Id: 1011 -----
Item's name: Blu-Ray, Cost per item: $15.00, Quantity: 4, Cost: $60.00
Item's name: Lamp, Cost per item: $3.50, Quantity: 4, Cost: $14.00
Item's name: MovieRental, Cost per item: $4.00, Quantity: 2, Cost: $8.00
Item's name: Phone, Cost per item: $13.75, Quantity: 2, Cost: $27.50
Item's name: Shoes, Cost per item: $30.00, Quantity: 3, Cost: $90.00
Item's name: Song, Cost per item: $2.00, Quantity: 3, Cost: $6.00
Item's name: Textbook, Cost per item: $25.00, Quantity: 5, Cost: $125.00
Order Total: $330.50
----- Order details for client with Id: 1012 -----
Item's name: Blu-Ray, Cost per item: $15.00, Quantity: 3, Cost: $45.00
Item's name: Lamp, Cost per item: $3.50, Quantity: 4, Cost: $14.00
Item's name: MovieRental, Cost per item: $4.00, Quantity: 5, Cost: $20.00
Item's name: Phone, Cost per item: $13.75, Quantity: 1, Cost: $13.75
Item's name: Shoes, Cost per item: $30.00, Quantity: 3, Cost: $90.00
Item's name: Song, Cost per item: $2.00, Quantity: 5, Cost: $10.00
Item's name: Textbook, Cost per item: $25.00, Quantity: 2, Cost: $50.00
Order Total: $242.75
----- Order details for client with Id: 1013 -----
Item's name: Blu-Ray, Cost per item: $15.00, Quantity: 5, Cost: $75.00
Item's name: Lamp, Cost per item: $3.50, Quantity: 1, Cost: $3.50
Item's name: MovieRental, Cost per item: $4.00, Quantity: 2, Cost: $8.00
Item's name: Phone, Cost per item: $13.75, Quantity: 1, Cost: $13.75
Item's name: Shoes, Cost per item: $30.00, Quantity: 3, Cost: $90.00
Item's name: Song, Cost per item: $2.00, Quantity: 7, Cost: $14.00
Item's name: Textbook, Cost per item: $25.00, Quantity: 4, Cost: $100.00
Order Total: $304.25
----- Order details for client with Id: 1014 -----
Item's name: Blu-Ray, Cost per item: $15.00, Quantity: 2, Cost: $30.00
Item's name: Lamp, Cost per item: $3.50, Quantity: 2, Cost: $7.00
Item's name: MovieRental, Cost per item: $4.00, Quantity: 2, Cost: $8.00
Item's name: Phone, Cost per item: $13.75, Quantity: 2, Cost: $27.50
Item's name: Shoes, Cost per item: $30.00, Quantity: 2, Cost: $60.00
Item's name: Song, Cost per item: $2.00, Quantity: 2, Cost: $4.00
Item's name: Textbook, Cost per item: $25.00, Quantity: 4, Cost: $100.00
Order Total: $236.50
----- Order details for client with Id: 1015 -----
Item's name: Blu-Ray, Cost per item: $15.00, Quantity: 3, Cost: $45.00
Item's name: MovieRental, Cost per item: $4.00, Quantity: 1, Cost: $4.00
Item's name: Phone, Cost per item: $13.75, Quantity: 3, Cost: $41.25
Item's name: Shoes, Cost per item: $30.00, Quantity: 1, Cost: $30.00
Item's name: Song, Cost per item: $2.00, Quantity: 2, Cost: $4.00
Item's name: Textbook, Cost per item: $25.00, Quantity: 3, Cost: $75.00
Order Total: $199.25
----- Order details for client with Id: 1016 -----
Item's name: Blu-Ray, Cost per item: $15.00, Quantity: 3, Cost: $45.00
Item's name: Lamp, Cost per item: $3.50, Quantity: 5, Cost: $17.50
Item's name: MovieRental, Cost per item: $4.00, Quantity: 2, Cost: $8.00
Item's name: Phone, Cost per item: $13.75, Quantity: 3, Cost: $41.25
Item's name: Shoes, Cost per item: $30.00, Quantity: 4, Cost: $120.00
Item's name: Song, Cost per item: $2.00, Quantity: 3, Cost: $6.00
Order Total: $237.75
----- Order details for client with Id: 1017 -----
Item's name: Blu-Ray, Cost per item: $15.00, Quantity: 1, Cost: $15.00
Item's name: Lamp, Cost per item: $3.50, Quantity: 5, Cost: $17.50
Item's name: MovieRental, Cost per item: $4.00, Quantity: 3, Cost: $12.00
Item's name: Phone, Cost per item: $13.75, Quantity: 2, Cost: $27.50
Item's name: Shoes, Cost per item: $30.00, Quantity: 3, Cost: $90.00
Item's name: Song, Cost per item: $2.00, Quantity: 3, Cost: $6.00
Item's name: Textbook, Cost per item: $25.00, Quantity: 1, Cost: $25.00
Order Total: $193.00
----- Order details for client with Id: 1018 -----
Item's name: MovieRental, Cost per item: $4.00, Quantity: 2, Cost: $8.00
Item's name: Song, Cost per item: $2.00, Quantity: 2, Cost: $4.00
Order Total: $12.00
----- Order details for client with Id: 1019 -----
Item's name: Lamp, Cost per item: $3.50, Quantity: 1, Cost: $3.50
Item's name: Phone, Cost per item: $13.75, Quantity: 2, Cost: $27.50
Item's name: Shoes, Cost per item: $30.00, Quantity: 1, Cost: $30.00
Order Total: $61.00
----- Order details for client with Id: 1020 -----
Item's name: Blu-Ray, Cost per item: $15.00, Quantity: 1, Cost: $15.00
Item's name: Lamp, Cost per item: $3.50, Quantity: 2, Cost: $7.00
Item's name: MovieRental, Cost per item: $4.00, Quantity: 1, Cost: $4.00
Item's name: Phone, Cost per item: $13.75, Quantity: 3, Cost: $41.25
Item's name: Song, Cost per item: $2.00, Quantity: 1, Cost: $2.00
Item's name: Textbook, Cost per item: $25.00, Quantity: 1, Cost: $25.00
Order Total: $94.25
----- Order details for client with Id: 1021 -----
Item's name: Blu-Ray, Cost per item: $15.00, Quantity: 1, Cost: $15.00
Item's name: MovieRental, Cost per item: $4.00, Quantity: 1, Cost: $4.00
Item's name: Shoes, Cost per item: $30.00, Quantity: 2, Cost: $60.00
Item's name: Song, Cost per item: $2.00, Quantity: 2, Cost: $4.00
Order Total: $83.00
----- Order details for client with Id: 1022 -----
Item's name: Lamp, Cost per item: $3.50, Quantity: 5, Cost: $17.50
Item's name: MovieRental, Cost per item: $4.00, Quantity: 2, Cost: $8.00
Item's name: Phone, Cost per item: $13.75, Quantity: 8, Cost: $110.00
Item's name: Shoes, Cost per item: $30.00, Quantity: 3, Cost: $90.00
Item's name: Song, Cost per item: $2.00, Quantity: 5, Cost: $10.00
Item's name: Textbook, Cost per item: $25.00, Quantity: 1, Cost: $25.00
Order Total: $260.50
----- Order details for client with Id: 1023 -----
Item's name: Lamp, Cost per item: $3.50, Quantity: 5, Cost: $17.50
Item's name: MovieRental, Cost per item: $4.00, Quantity: 1, Cost: $4.00
Item's name: Phone, Cost per item: $13.75, Quantity: 1, Cost: $13.75
Item's name: Shoes, Cost per item: $30.00, Quantity: 1, Cost: $30.00
Order Total: $65.25
----- Order details for client with Id: 1024 -----
Item's name: Blu-Ray, Cost per item: $15.00, Quantity: 1, Cost: $15.00
Item's name: Lamp, Cost per item: $3.50, Quantity: 3, Cost: $10.50
Item's name: MovieRental, Cost per item: $4.00, Quantity: 5, Cost: $20.00
Item's name: Phone, Cost per item: $13.75, Quantity: 4, Cost: $55.00
Item's name: Shoes, Cost per item: $30.00, Quantity: 1, Cost: $30.00
Item's name: Song, Cost per item: $2.00, Quantity: 4, Cost: $8.00
Item's name: Textbook, Cost per item: $25.00, Quantity: 3, Cost: $75.00
Order Total: $213.50
----- Order details for client with Id: 1025 -----
Item's name: Blu-Ray, Cost per item: $15.00, Quantity: 3, Cost: $45.00
Item's name: Lamp, Cost per item: $3.50, Quantity: 2, Cost: $7.00
Item's name: MovieRental, Cost per item: $4.00, Quantity: 1, Cost: $4.00
Item's name: Phone, Cost per item: $13.75, Quantity: 3, Cost: $41.25
Item's name: Shoes, Cost per item: $30.00, Quantity: 2, Cost: $60.00
Item's name: Song, Cost per item: $2.00, Quantity: 1, Cost: $2.00
Item's name: Textbook, Cost per item: $25.00, Quantity: 3, Cost: $75.00
Order Total: $234.25
***** Summary of all orders *****
Summary - Item's name: Blu-Ray, Cost per item: $15.00, Number sold: 49, Item's Total: $735.00
Summary - Item's name: Lamp, Cost per item: $3.50, Number sold: 65, Item's Total: $227.50
Summary - Item's name: MovieRental, Cost per item: $4.00, Number sold: 44, Item's Total: $176.00
Summary - Item's name: Phone, Cost per item: $13.75, Number sold: 52, Item's Total: $715.00
Summary - Item's name: Shoes, Cost per item: $30.00, Number sold: 54, Item's Total: $1,620.00
Summary - Item's name: Song, Cost per item: $2.00, Number sold: 58, Item's Total: $116.00
Summary - Item's name: Textbook, Cost per item: $25.00, Number sold: 39, Item's Total: $975.00
Summary Grand Total: $4,564.50
END_OF_TEST